Copyright 1986-2022 Xilinx, Inc. All Rights Reserved. Copyright 2022-2024 Advanced Micro Devices, Inc. All Rights Reserved.
--------------------------------------------------------------------------------------------------------------------------------------------------------------------
| Tool Version      : Vivado v.2024.1 (win64) Build 5076996 Wed May 22 18:37:14 MDT 2024
| Date              : Sun Jun 29 22:49:53 2025
| Host              : DESKTOP-00GQMPA running 64-bit major release  (build 9200)
| Command           : report_bus_skew -warn_on_violation -file polytop_RE_bus_skew_routed.rpt -pb polytop_RE_bus_skew_routed.pb -rpx polytop_RE_bus_skew_routed.rpx
| Design            : polytop_RE
| Device            : xczu15eg-ffvb1156
| Speed File        : -3  PRODUCTION 1.30 05-15-2022
| Design State      : Routed
| Temperature Grade : E
--------------------------------------------------------------------------------------------------------------------------------------------------------------------

Bus Skew Report

No bus skew constraints

