#-----------------------------------------------------------
# Vivado v2024.1 (64-bit)
# SW Build 5076996 on Wed May 22 18:37:14 MDT 2024
# IP Build 5075265 on Wed May 22 21:45:21 MDT 2024
# SharedData Build 5076995 on Wed May 22 18:29:18 MDT 2024
# Start of session at: Sun Jun 29 22:27:51 2025
# Process ID: 2828
# Current directory: D:/VivadoProject/Multlane_RENTT/Multlane_RENTT.runs/impl_1
# Command line: vivado.exe -log polytop_RE.vdi -applog -product Vivado -messageDb vivado.pb -mode batch -source polytop_RE.tcl -notrace
# Log file: D:/VivadoProject/Multlane_RENTT/Multlane_RENTT.runs/impl_1/polytop_RE.vdi
# Journal file: D:/VivadoProject/Multlane_RENTT/Multlane_RENTT.runs/impl_1\vivado.jou
# Running On        :DESKTOP-00GQMPA
# Platform          :Windows Server 2016 or Windows 10
# Operating System  :26100
# Processor Detail  :13th Gen Intel(R) Core(TM) i7-13620H
# CPU Frequency     :2918 MHz
# CPU Physical cores:10
# CPU Logical cores :16
# Host memory       :16869 MB
# Swap memory       :27160 MB
# Total Virtual     :44029 MB
# Available Virtual :11920 MB
#-----------------------------------------------------------
source polytop_RE.tcl -notrace
